// Jest Snapshot v1, https://goo.gl/fbAQLP

exports[`rendering of TopNav and TopNavItem 1`] = `
.c0 {
  box-sizing: border-box;
  height: 60px;
  background-color: #1C254D;
  flex: 0 0 auto;
  display: flex;
  align-items: center;
  flex-direction: row;
}

.c1 {
  align-items: center;
  background: none;
  border: none;
  color: rgba(255,255,255,.56);
  cursor: pointer;
  display: inline-flex;
  font-size: 11px;
  font-weight: 600;
  height: 100%;
  margin: 0;
  outline: none;
  padding: 0 16px;
  position: relative;
  text-decoration: none;
}

.c1:hover {
  background: rgba(255,255,255,.06);
}

.c1.active {
  background: #222C59;
  color: #FFFFFF;
}

.c1.active:after {
  background-color: #651FFF;
  content: '';
  position: absolute;
  bottom: 0;
  left: 0;
  width: 100%;
  height: 4px;
}

<nav
  class="c0"
  height="60px"
>
  <button
    class="c1"
  >
    MenuItem1
  </button>
  <button
    class="c1"
  >
    MenuItem2
  </button>
</nav>
`;
